// Jest Snapshot v1, https://goo.gl/fbAQLP

exports[`curly.hbs 1`] = `
====================================options=====================================
parsers: ["glimmer"]
printWidth: 80
                                                                                | printWidth
=====================================input======================================
<p>hello</p>
=====================================output=====================================
<p>
  hello
</p>
================================================================================
`;
